
> bankcheque@0.1.0 build
> next build

Γû▓ Next.js 16.1.6 (Turbopack)

  Creating an optimized production build ...
Γ£ô Compiled successfully in 112s
  Running TypeScript ...
  Collecting page data using 3 workers ...
  Generating static pages using 3 workers (0/15) ...
npm : Error occurred 
prerendering page 
"/admin/cheques". 
Read more: https://ne
xtjs.org/docs/message
s/prerender-error
At line:1 char:1
+ npm run build > 
build_output.txt 2>&1
+ ~~~~~~~~~~~~~~~~~~~
~~~~~~~~~~~~~~~~~~
    + CategoryInfo   
           : NotSpe  
  cified: (Error o   
 ccurred ...prere    
nder-error:Strin    
g) [], RemoteExc    
eption
    + FullyQualified 
   ErrorId : Native  
  CommandError
 
Error 
[InvariantError]: 
Invariant: Expected 
workUnitAsyncStorage 
to have a store. 
This is a bug in 
Next.js.
    at L (C:\Users\us
er\desktop\bankcheque
\.next\server\chunks\
ssr\[root-of-the-serv
er]__655f8d11._.js:1:
38992)
    at bu (C:\Users\u
ser\desktop\bankchequ
e\.next\server\chunks
\ssr\[root-of-the-ser
ver]__655f8d11._.js:4
:7733)
Export encountered 
an error on 
/admin/cheques/page: 
/admin/cheques, 
exiting the build.
Γ¿» Next.js build 
worker exited with 
code: 1 and signal: 
null
